2025-10-20 18:43:19, MOVE, v:1, k:poo@roupa, mode:PICK
2025-10-20 18:43:23, EXEC, v:1, k:poo@roupa, mode:FULL, rate:0, size:29
2025-10-20 18:43:35, EXEC, v:1, k:poo@roupa, mode:FULL, rate:0
2025-10-20 18:43:36, EXEC, v:1, k:poo@roupa, mode:FULL, rate:0
2025-10-20 18:43:36, EXEC, v:1, k:poo@roupa, mode:FULL, rate:0
2025-10-20 18:43:36, EXEC, v:1, k:poo@roupa, mode:FULL, rate:0
2025-10-20 18:43:37, EXEC, v:1, k:poo@roupa, mode:FULL, rate:0
2025-10-20 18:43:37, EXEC, v:1, k:poo@roupa, mode:FULL, rate:0
2025-10-20 18:43:37, EXEC, v:1, k:poo@roupa, mode:FULL, rate:0
2025-10-20 18:43:37, EXEC, v:1, k:poo@roupa, mode:FULL, rate:0
2025-10-20 18:43:37, EXEC, v:1, k:poo@roupa, mode:FULL, rate:0
2025-10-20 18:43:37, EXEC, v:1, k:poo@roupa, mode:FULL, rate:0
2025-10-20 18:43:37, EXEC, v:1, k:poo@roupa, mode:FULL, rate:0
2025-10-20 18:43:37, EXEC, v:1, k:poo@roupa, mode:FULL, rate:0
2025-10-20 18:43:37, EXEC, v:1, k:poo@roupa, mode:FULL, rate:0
2025-10-20 18:43:38, EXEC, v:1, k:poo@roupa, mode:FULL, rate:0
2025-10-20 18:43:39, EXEC, v:1, k:poo@roupa, mode:FULL, rate:0
2025-10-20 18:43:40, EXEC, v:1, k:poo@roupa, mode:FULL, rate:0
2025-10-20 18:43:42, EXEC, v:1, k:poo@roupa, mode:FREE
2025-10-20 18:44:32, MOVE, v:1, k:poo@roupa, mode:PICK
2025-10-20 18:47:12, EXEC, v:1, k:poo@roupa, mode:FULL, rate:0, size:29
2025-10-20 18:47:13, EXEC, v:1, k:poo@roupa, mode:FULL, rate:0
2025-10-20 18:47:13, EXEC, v:1, k:poo@roupa, mode:FULL, rate:0
2025-10-20 18:47:14, EXEC, v:1, k:poo@roupa, mode:FULL, rate:0
2025-10-20 18:47:46, EXEC, v:1, k:poo@roupa, mode:FREE
2025-10-20 18:48:40, MOVE, v:1, k:poo@roupa, mode:PICK
2025-10-20 18:49:08, MOVE, v:1, k:poo@roupa, mode:BACK
2025-10-20 18:49:13, MOVE, v:1, k:poo@relogio, mode:PICK
2025-10-20 18:49:17, MOVE, v:1, k:poo@relogio, mode:BACK
2025-10-20 18:49:19, MOVE, v:1, k:poo@roupa, mode:PICK
2025-10-20 18:49:20, EXEC, v:1, k:poo@roupa, mode:FULL, rate:0
2025-10-20 18:53:31, EXEC, v:1, k:poo@roupa, mode:FULL, rate:0
2025-10-20 18:55:54, EXEC, v:1, k:poo@roupa, mode:FULL, rate:0, size:29
2025-10-20 18:56:04, EXEC, v:1, k:poo@roupa, mode:FULL, rate:0, size:29
2025-10-20 19:06:10, EXEC, v:1, k:poo@roupa, mode:FULL, rate:0, size:29
2025-10-20 19:06:32, EXEC, v:1, k:poo@roupa, mode:FULL, rate:0, size:29
2025-10-20 19:06:48, EXEC, v:1, k:poo@roupa, mode:FULL, rate:0, size:29
2025-10-20 19:08:28, EXEC, v:1, k:poo@roupa, mode:FULL, rate:0
2025-10-20 19:15:29, EXEC, v:1, k:poo@roupa, mode:FULL, rate:0
2025-10-20 19:15:30, EXEC, v:1, k:poo@roupa, mode:FULL, rate:0
2025-10-20 19:15:30, EXEC, v:1, k:poo@roupa, mode:FULL, rate:0
2025-10-20 19:15:31, EXEC, v:1, k:poo@roupa, mode:FULL, rate:0
2025-10-20 19:15:31, EXEC, v:1, k:poo@roupa, mode:FULL, rate:0
2025-10-20 19:15:32, EXEC, v:1, k:poo@roupa, mode:FULL, rate:0
2025-10-20 19:15:32, EXEC, v:1, k:poo@roupa, mode:FULL, rate:0
2025-10-20 19:15:32, EXEC, v:1, k:poo@roupa, mode:FULL, rate:0
2025-10-20 19:15:32, EXEC, v:1, k:poo@roupa, mode:FULL, rate:0
2025-10-20 19:15:32, EXEC, v:1, k:poo@roupa, mode:FULL, rate:0
2025-10-20 19:15:32, EXEC, v:1, k:poo@roupa, mode:FULL, rate:0
2025-10-20 19:15:32, EXEC, v:1, k:poo@roupa, mode:FULL, rate:0
2025-10-20 19:15:32, EXEC, v:1, k:poo@roupa, mode:FULL, rate:0
2025-10-20 19:15:32, EXEC, v:1, k:poo@roupa, mode:FULL, rate:0
2025-10-20 19:15:32, EXEC, v:1, k:poo@roupa, mode:FULL, rate:0
2025-10-20 19:15:32, EXEC, v:1, k:poo@roupa, mode:FULL, rate:0
2025-10-20 19:15:32, EXEC, v:1, k:poo@roupa, mode:FULL, rate:0
2025-10-20 19:15:32, EXEC, v:1, k:poo@roupa, mode:FULL, rate:0
2025-10-20 19:15:32, EXEC, v:1, k:poo@roupa, mode:FULL, rate:0
2025-10-20 19:15:32, EXEC, v:1, k:poo@roupa, mode:FULL, rate:0
2025-10-20 19:15:32, EXEC, v:1, k:poo@roupa, mode:FULL, rate:0
2025-10-20 19:15:32, EXEC, v:1, k:poo@roupa, mode:FULL, rate:0
2025-10-20 19:15:32, EXEC, v:1, k:poo@roupa, mode:FULL, rate:0
2025-10-20 19:15:32, EXEC, v:1, k:poo@roupa, mode:FULL, rate:0
2025-10-20 19:15:33, EXEC, v:1, k:poo@roupa, mode:FULL, rate:0
2025-10-20 19:18:44, EXEC, v:1, k:poo@roupa, mode:FULL, rate:0
2025-10-20 19:19:05, EXEC, v:1, k:poo@roupa, mode:FULL, rate:0
2025-10-20 19:40:51, MOVE, v:1, k:poo@roupa, mode:PICK
2025-10-20 19:40:54, EXEC, v:1, k:poo@roupa, mode:FULL, rate:0, size:34
2025-10-20 19:41:35, EXEC, v:1, k:poo@roupa, mode:FULL, rate:0, size:34
2025-10-20 19:48:18, EXEC, v:1, k:poo@roupa, mode:FULL, rate:0
2025-10-20 19:52:51, EXEC, v:1, k:poo@roupa, mode:FULL, rate:0
2025-10-20 19:54:46, EXEC, v:1, k:poo@roupa, mode:FULL, rate:0, size:34
2025-10-20 19:59:15, EXEC, v:1, k:poo@roupa, mode:FULL, rate:100, size:36
2025-10-20 19:59:50, MOVE, v:1, k:poo@roupa, mode:BACK
2025-10-20 19:59:56, MOVE, v:1, k:poo@roupa, mode:PICK
2025-10-20 19:59:58, EXEC, v:1, k:poo@roupa, mode:FULL, rate:100
2025-10-20 20:00:05, MOVE, v:1, k:poo@roupa, mode:BACK
2025-10-20 20:00:23, SELF, v:1, k:poo@roupa, rate:100
2025-10-20 20:00:26, MOVE, v:1, k:poo@roupa, mode:PICK
2025-10-20 20:00:29, EXEC, v:1, k:poo@roupa, mode:FULL, rate:100
2025-10-20 20:00:34, EXEC, v:1, k:poo@roupa, mode:FULL, rate:100
2025-10-20 20:00:37, EXEC, v:1, k:poo@roupa, mode:FREE
2025-10-20 20:01:15, MOVE, v:1, k:poo@roupa, mode:PICK
2025-10-20 20:01:17, EXEC, v:1, k:poo@roupa, mode:FULL, rate:100
2025-10-20 20:01:38, EXEC, v:1, k:poo@roupa, mode:FULL, rate:100
2025-10-20 20:01:45, MOVE, v:1, k:poo@roupa, mode:BACK
2025-10-20 20:02:19, SELF, v:1, k:poo@roupa, rate:100
2025-10-20 20:02:54, MOVE, v:1, k:poo@roupa, mode:PICK
2025-10-20 20:02:59, EXEC, v:1, k:poo@roupa, mode:FULL, rate:100
2025-10-20 20:04:38, MOVE, v:1, k:poo@roupa, mode:BACK
2025-10-20 20:06:05, SELF, v:1, k:poo@roupa, rate:100, human:_, iagen:_, guide:_, alone:9
2025-10-20 20:06:41, MOVE, v:1, k:poo@roupa, mode:PICK
2025-10-20 20:06:43, EXEC, v:1, k:poo@roupa, mode:FULL, rate:100
2025-10-20 20:06:44, MOVE, v:1, k:poo@roupa, mode:BACK
2025-10-20 20:06:56, SELF, v:1, k:poo@roupa, rate:100, human:_, iagen:_, guide:_, alone:9
