2025-10-28 00:50:20, MOVE, v:1, k:poo@motoca, mode:PICK
2025-10-28 00:50:22, EXEC, v:1, k:poo@motoca, mode:FULL, rate:0, size:54
2025-10-28 00:50:27, EXEC, v:1, k:poo@motoca, mode:FULL, rate:0
2025-10-28 00:51:00, EXEC, v:1, k:poo@motoca, mode:FULL, rate:0
2025-10-28 00:51:01, EXEC, v:1, k:poo@motoca, mode:FULL, rate:0
2025-10-28 00:51:01, EXEC, v:1, k:poo@motoca, mode:FULL, rate:0
2025-10-28 00:51:01, EXEC, v:1, k:poo@motoca, mode:FULL, rate:0
2025-10-28 00:51:02, EXEC, v:1, k:poo@motoca, mode:FULL, rate:0
2025-10-28 00:51:02, EXEC, v:1, k:poo@motoca, mode:FULL, rate:0
2025-10-28 00:51:02, EXEC, v:1, k:poo@motoca, mode:FULL, rate:0
2025-10-28 00:51:02, EXEC, v:1, k:poo@motoca, mode:FULL, rate:0
2025-10-28 00:51:02, EXEC, v:1, k:poo@motoca, mode:FULL, rate:0
2025-10-28 00:51:02, EXEC, v:1, k:poo@motoca, mode:FULL, rate:0
2025-10-28 00:51:02, EXEC, v:1, k:poo@motoca, mode:FULL, rate:0
2025-10-28 00:51:02, EXEC, v:1, k:poo@motoca, mode:FULL, rate:0
2025-10-28 00:51:02, EXEC, v:1, k:poo@motoca, mode:FULL, rate:0
2025-10-28 00:51:02, EXEC, v:1, k:poo@motoca, mode:FULL, rate:0
2025-10-28 00:51:02, EXEC, v:1, k:poo@motoca, mode:FULL, rate:0
2025-10-28 00:51:02, EXEC, v:1, k:poo@motoca, mode:FULL, rate:0
2025-10-28 00:51:02, EXEC, v:1, k:poo@motoca, mode:FULL, rate:0
2025-10-28 00:51:02, EXEC, v:1, k:poo@motoca, mode:FULL, rate:0
2025-10-28 00:51:02, EXEC, v:1, k:poo@motoca, mode:FULL, rate:0
2025-10-28 00:51:02, EXEC, v:1, k:poo@motoca, mode:FULL, rate:0
2025-10-28 00:51:02, EXEC, v:1, k:poo@motoca, mode:FULL, rate:0
2025-10-28 00:51:02, EXEC, v:1, k:poo@motoca, mode:FULL, rate:0
2025-10-28 00:51:02, EXEC, v:1, k:poo@motoca, mode:FULL, rate:0
2025-10-28 00:51:02, EXEC, v:1, k:poo@motoca, mode:FULL, rate:0
2025-10-28 00:51:02, EXEC, v:1, k:poo@motoca, mode:FULL, rate:0
2025-10-28 00:51:02, EXEC, v:1, k:poo@motoca, mode:FULL, rate:0
2025-10-28 00:51:03, EXEC, v:1, k:poo@motoca, mode:FULL, rate:0
2025-10-28 00:51:03, EXEC, v:1, k:poo@motoca, mode:FULL, rate:0
2025-10-28 00:51:03, EXEC, v:1, k:poo@motoca, mode:FULL, rate:0
2025-10-28 00:51:03, EXEC, v:1, k:poo@motoca, mode:FULL, rate:0
2025-10-28 00:51:03, EXEC, v:1, k:poo@motoca, mode:FULL, rate:0
2025-10-28 00:51:03, EXEC, v:1, k:poo@motoca, mode:FULL, rate:0
2025-10-28 00:51:03, EXEC, v:1, k:poo@motoca, mode:FULL, rate:0
2025-10-28 00:51:03, EXEC, v:1, k:poo@motoca, mode:FULL, rate:0
2025-10-28 00:52:53, EXEC, v:1, k:poo@motoca, mode:FULL, rate:0
2025-10-28 00:52:53, EXEC, v:1, k:poo@motoca, mode:FULL, rate:0
2025-10-28 00:52:54, EXEC, v:1, k:poo@motoca, mode:FULL, rate:0
2025-10-28 00:52:54, EXEC, v:1, k:poo@motoca, mode:FULL, rate:0
2025-10-28 00:52:54, EXEC, v:1, k:poo@motoca, mode:FULL, rate:0
2025-10-28 00:52:55, EXEC, v:1, k:poo@motoca, mode:FULL, rate:0
2025-10-28 00:52:55, EXEC, v:1, k:poo@motoca, mode:FULL, rate:0
2025-10-28 00:52:56, EXEC, v:1, k:poo@motoca, mode:FULL, rate:0
2025-10-28 00:53:30, EXEC, v:1, k:poo@motoca, mode:FULL, rate:0
2025-10-28 00:53:31, EXEC, v:1, k:poo@motoca, mode:FULL, rate:0
2025-10-28 00:53:31, EXEC, v:1, k:poo@motoca, mode:FULL, rate:0
2025-10-28 00:53:31, EXEC, v:1, k:poo@motoca, mode:FULL, rate:0
2025-10-28 00:53:32, EXEC, v:1, k:poo@motoca, mode:FULL, rate:0
2025-10-28 00:53:32, EXEC, v:1, k:poo@motoca, mode:FULL, rate:0
2025-10-28 00:53:32, EXEC, v:1, k:poo@motoca, mode:FULL, rate:0
2025-10-28 00:54:44, EXEC, v:1, k:poo@motoca, mode:FULL, rate:0
2025-10-28 00:54:45, EXEC, v:1, k:poo@motoca, mode:FULL, rate:0
2025-10-28 00:54:45, EXEC, v:1, k:poo@motoca, mode:FULL, rate:0
2025-10-28 00:54:47, EXEC, v:1, k:poo@motoca, mode:FULL, rate:0
2025-10-28 00:55:58, MOVE, v:1, k:poo@motoca, mode:BACK
2025-10-28 00:57:46, MOVE, v:1, k:poo@motoca, mode:PICK
2025-10-28 00:57:48, EXEC, v:1, k:poo@motoca, mode:FULL, rate:0
2025-10-28 00:57:48, EXEC, v:1, k:poo@motoca, mode:FULL, rate:0
2025-10-28 00:57:49, EXEC, v:1, k:poo@motoca, mode:FULL, rate:0
2025-10-28 00:57:49, EXEC, v:1, k:poo@motoca, mode:FULL, rate:0
2025-10-28 00:57:50, EXEC, v:1, k:poo@motoca, mode:FULL, rate:0
2025-10-28 00:58:36, EXEC, v:1, k:poo@motoca, mode:FULL, rate:0
2025-10-28 00:58:36, EXEC, v:1, k:poo@motoca, mode:FULL, rate:0
2025-10-28 00:58:37, EXEC, v:1, k:poo@motoca, mode:FULL, rate:0
2025-10-28 00:58:37, EXEC, v:1, k:poo@motoca, mode:FULL, rate:0
2025-10-28 00:58:37, EXEC, v:1, k:poo@motoca, mode:FULL, rate:0
2025-10-28 00:58:38, EXEC, v:1, k:poo@motoca, mode:FULL, rate:0
2025-10-28 00:58:38, EXEC, v:1, k:poo@motoca, mode:FULL, rate:0
2025-10-28 00:58:39, EXEC, v:1, k:poo@motoca, mode:FULL, rate:0
2025-10-28 00:58:39, EXEC, v:1, k:poo@motoca, mode:FULL, rate:0
2025-10-28 00:58:39, EXEC, v:1, k:poo@motoca, mode:FULL, rate:0
2025-10-28 00:59:57, EXEC, v:1, k:poo@motoca, mode:FULL, rate:0
2025-10-28 00:59:58, EXEC, v:1, k:poo@motoca, mode:FULL, rate:0
2025-10-28 00:59:58, EXEC, v:1, k:poo@motoca, mode:FULL, rate:0
2025-10-28 01:03:49, EXEC, v:1, k:poo@motoca, mode:FULL, rate:0
2025-10-28 01:06:55, EXEC, v:1, k:poo@motoca, mode:FULL, rate:0
2025-10-28 01:06:57, EXEC, v:1, k:poo@motoca, mode:FULL, rate:0
2025-10-28 01:06:57, EXEC, v:1, k:poo@motoca, mode:FULL, rate:0
2025-10-28 01:06:57, EXEC, v:1, k:poo@motoca, mode:FULL, rate:0
2025-10-28 01:09:24, EXEC, v:1, k:poo@motoca, mode:FULL, rate:0
2025-10-28 01:09:25, EXEC, v:1, k:poo@motoca, mode:FULL, rate:0
2025-10-28 01:09:25, EXEC, v:1, k:poo@motoca, mode:FULL, rate:0
2025-10-28 01:09:25, EXEC, v:1, k:poo@motoca, mode:FULL, rate:0
2025-10-28 01:10:36, EXEC, v:1, k:poo@motoca, mode:FULL, rate:0
2025-10-28 01:10:36, EXEC, v:1, k:poo@motoca, mode:FULL, rate:0
2025-10-28 01:10:37, EXEC, v:1, k:poo@motoca, mode:FULL, rate:0
2025-10-28 01:10:37, EXEC, v:1, k:poo@motoca, mode:FULL, rate:0
2025-10-28 01:10:37, EXEC, v:1, k:poo@motoca, mode:FULL, rate:0
2025-10-28 01:10:37, EXEC, v:1, k:poo@motoca, mode:FULL, rate:0
2025-10-28 01:10:53, EXEC, v:1, k:poo@motoca, mode:FULL, rate:0
2025-10-28 01:10:54, EXEC, v:1, k:poo@motoca, mode:FULL, rate:0
2025-10-28 01:10:54, EXEC, v:1, k:poo@motoca, mode:FULL, rate:0
2025-10-28 01:10:55, EXEC, v:1, k:poo@motoca, mode:FULL, rate:0
2025-10-28 01:10:56, EXEC, v:1, k:poo@motoca, mode:FREE
2025-10-28 01:11:56, MOVE, v:1, k:poo@motoca, mode:BACK
2025-10-28 01:12:36, MOVE, v:1, k:poo@motoca, mode:PICK
2025-10-28 01:12:37, EXEC, v:1, k:poo@motoca, mode:FULL, rate:0
2025-10-28 01:12:38, EXEC, v:1, k:poo@motoca, mode:FULL, rate:0
2025-10-28 01:12:38, EXEC, v:1, k:poo@motoca, mode:FULL, rate:0
2025-10-28 01:13:23, EXEC, v:1, k:poo@motoca, mode:FULL, rate:0
2025-10-28 01:13:23, EXEC, v:1, k:poo@motoca, mode:FULL, rate:0
2025-10-28 01:13:24, EXEC, v:1, k:poo@motoca, mode:FULL, rate:0
2025-10-28 01:13:24, EXEC, v:1, k:poo@motoca, mode:FULL, rate:0
2025-10-28 01:15:11, MOVE, v:1, k:poo@motoca, mode:BACK
2025-10-28 01:15:31, MOVE, v:1, k:poo@motoca, mode:PICK
2025-10-28 01:15:33, EXEC, v:1, k:poo@motoca, mode:FULL, rate:0
2025-10-28 01:15:34, EXEC, v:1, k:poo@motoca, mode:FULL, rate:0
2025-10-28 01:18:04, EXEC, v:1, k:poo@motoca, mode:FULL, rate:0
2025-10-28 01:18:05, EXEC, v:1, k:poo@motoca, mode:FULL, rate:0
2025-10-28 01:18:33, EXEC, v:1, k:poo@motoca, mode:FULL, rate:0
2025-10-28 01:19:57, EXEC, v:1, k:poo@motoca, mode:FULL, rate:0
2025-10-28 01:20:04, EXEC, v:1, k:poo@motoca, mode:FULL, rate:0
2025-10-28 01:20:06, EXEC, v:1, k:poo@motoca, mode:FULL, rate:0
2025-10-28 01:20:08, EXEC, v:1, k:poo@motoca, mode:FULL, rate:0
2025-10-28 01:20:09, EXEC, v:1, k:poo@motoca, mode:FULL, rate:0
2025-10-28 01:20:10, EXEC, v:1, k:poo@motoca, mode:FULL, rate:0
2025-10-28 01:20:11, EXEC, v:1, k:poo@motoca, mode:FULL, rate:0
2025-10-28 01:20:11, EXEC, v:1, k:poo@motoca, mode:FULL, rate:0
2025-10-28 01:20:11, EXEC, v:1, k:poo@motoca, mode:FULL, rate:0
2025-10-28 01:22:44, EXEC, v:1, k:poo@motoca, mode:FULL, rate:0
2025-10-28 01:22:45, EXEC, v:1, k:poo@motoca, mode:FULL, rate:0
2025-10-28 01:22:46, EXEC, v:1, k:poo@motoca, mode:FULL, rate:0
2025-10-28 01:22:46, EXEC, v:1, k:poo@motoca, mode:FULL, rate:0
2025-10-28 01:22:51, MOVE, v:1, k:poo@motoca, mode:BACK
2025-10-28 01:22:56, MOVE, v:1, k:poo@motoca, mode:PICK
2025-10-28 01:22:57, EXEC, v:1, k:poo@motoca, mode:FULL, rate:0
2025-10-28 01:23:33, EXEC, v:1, k:poo@motoca, mode:FULL, rate:0
2025-10-28 01:24:49, EXEC, v:1, k:poo@motoca, mode:FULL, rate:0
2025-10-28 01:24:50, EXEC, v:1, k:poo@motoca, mode:FULL, rate:0
2025-10-28 01:24:50, EXEC, v:1, k:poo@motoca, mode:FULL, rate:0
2025-10-28 01:24:50, EXEC, v:1, k:poo@motoca, mode:FULL, rate:0
2025-10-28 01:35:46, MOVE, v:1, k:poo@motoca, mode:BACK
2025-10-28 01:35:52, MOVE, v:1, k:poo@grafite, mode:DOWN
2025-10-28 01:37:40, MOVE, v:1, k:poo@grafite, mode:PICK
2025-10-28 01:37:41, EXEC, v:1, k:poo@grafite, mode:FULL, rate:100, size:109
2025-10-28 01:37:52, EXEC, v:1, k:poo@grafite, mode:FULL, rate:100
2025-10-28 01:37:57, MOVE, v:1, k:poo@grafite, mode:BACK
2025-10-28 01:39:39, SELF, v:1, k:poo@grafite, rate:100, human:_, iagen:_, guide:_, alone:7, study:180
2025-10-28 01:39:48, MOVE, v:1, k:poo@motoca, mode:PICK
2025-10-28 01:40:29, EXEC, v:1, k:poo@motoca, mode:FULL, rate:0
2025-10-28 01:40:30, EXEC, v:1, k:poo@motoca, mode:FULL, rate:0
2025-10-28 01:40:30, EXEC, v:1, k:poo@motoca, mode:FULL, rate:0
2025-10-28 01:40:30, EXEC, v:1, k:poo@motoca, mode:FULL, rate:0
2025-10-28 01:40:31, EXEC, v:1, k:poo@motoca, mode:FULL, rate:0
2025-10-28 01:40:31, EXEC, v:1, k:poo@motoca, mode:FULL, rate:0
2025-10-28 01:40:31, EXEC, v:1, k:poo@motoca, mode:FULL, rate:0
2025-10-28 01:40:31, EXEC, v:1, k:poo@motoca, mode:FULL, rate:0
2025-10-28 01:40:32, EXEC, v:1, k:poo@motoca, mode:FULL, rate:0
2025-10-28 01:40:32, EXEC, v:1, k:poo@motoca, mode:FULL, rate:0
2025-10-28 01:40:32, EXEC, v:1, k:poo@motoca, mode:FULL, rate:0
2025-10-28 01:41:03, MOVE, v:1, k:poo@motoca, mode:BACK
2025-10-28 01:41:09, MOVE, v:1, k:poo@motouber, mode:DOWN
2025-10-28 01:41:14, MOVE, v:1, k:poo@motouber, mode:PICK
2025-10-28 01:42:17, EXEC, v:1, k:poo@motouber, mode:FULL, rate:100, size:112
2025-10-28 01:42:50, MOVE, v:1, k:poo@motouber, mode:BACK
2025-10-28 01:43:02, SELF, v:1, k:poo@motouber, rate:100
2025-10-28 01:43:04, MOVE, v:1, k:poo@motouber, mode:PICK
2025-10-28 01:43:05, EXEC, v:1, k:poo@motouber, mode:FULL, rate:100
2025-10-28 01:43:06, EXEC, v:1, k:poo@motouber, mode:FULL, rate:100
2025-10-28 01:43:19, MOVE, v:1, k:poo@motouber, mode:BACK
2025-10-28 01:45:04, SELF, v:1, k:poo@motouber, rate:100, human:sim, iagen:sim, guide:sim, alone:6, study:120
